64 samples
largest difference between the FFT and the DFT: < 1e-12 (rounding error)
| Method                    | Complex multiplications |
|---------------------------|-------------------------|
| DFT (from the definition) | 4096                    |
| FFT (radix-2)             | 192                     |

The FFT does 21 times fewer multiplications at this size, and the gap widens as N grows.
16 samples
largest difference between the FFT and the DFT: < 1e-12 (rounding error)
| Method                    | Complex multiplications |
|---------------------------|-------------------------|
| DFT (from the definition) | 256                     |
| FFT (radix-2)             | 32                      |

The FFT does 8 times fewer multiplications at this size, and the gap widens as N grows.
256 samples
largest difference between the FFT and the DFT: < 1e-12 (rounding error)
| Method                    | Complex multiplications |
|---------------------------|-------------------------|
| DFT (from the definition) | 65536                   |
| FFT (radix-2)             | 1024                    |

The FFT does 64 times fewer multiplications at this size, and the gap widens as N grows.
